// Jest Snapshot v1, https://goo.gl/fbAQLP

exports[`test  Component render the component 1`] = `
<div>
  <Connect(AdminNavbar) />
  <div
    className="player-page"
  >
    <div
      className="players"
    >
      <div
        className="inner-heading"
      >
        <div>
          <h1
            id="heading-1"
          >
            All Players
          </h1>
        </div>
        <div>
           
          <input
            id="searchInput"
            margin="normal"
            name="Search"
            onChange={[Function]}
            placeholder="Search"
            type="text"
          />
        </div>
      </div>
      <div
        className="player-list"
      >
        <div
          className="player-name"
        >
          <p>
            SC Cook
          </p>
          <div
            className="inner-button"
          >
            <div
              style={
                Object {
                  "marginRight": "5px",
                }
              }
            >
              <button
                className="admininnerbutton"
                id="editbutton"
                onChange={[Function]}
                onClick={[Function]}
              >
                Edit
              </button>
            </div>
            <div>
              <button
                className="admininnerbutton"
                id="deletebutton"
                onChange={[Function]}
                onClick={[Function]}
                style={
                  Object {
                    "background": "#E74C3c",
                  }
                }
              >
                Delete
              </button>
              <SweetAlert
                animation={true}
                cancelButtonText="No, keep it"
                confirmButtonColor="#e74c3c"
                confirmButtonText="Delete!"
                customClass={null}
                html={false}
                id="SweetAlert"
                imageSize="80x80"
                imageUrl={null}
                inputPlaceholder={null}
                inputType="text"
                inputValue={null}
                onCancel={[Function]}
                onConfirm={[Function]}
                onEscapeKey={[Function]}
                onOutsideClick={[Function]}
                show={false}
                showCancelButton={true}
                showConfirmButton={true}
                showLoaderOnConfirm={false}
                text="Are you sure?"
                title="DELETE PLAYER!"
                type="warning"
              />
            </div>
          </div>
        </div>
      </div>
    </div>
    <div
      id="Adminform"
    >
      <fieldset>
        <h2
          id="heading-2"
        >
          Add New Player
        </h2>
        <input
          id="enter-name"
          name="player_name"
          onChange={[Function]}
          placeholder="Enter Name"
          type="text"
        />
        <input
          id="player_country"
          name="player_country"
          onChange={[Function]}
          placeholder="Enter Player Country"
          type="text"
        />
        <div
          className="playing-style"
        >
          <div>
            <select
              className="choice"
              id="batting_style"
              name="batting_style"
              onChange={[Function]}
              type="text"
              value="Batting Style"
            >
              <option
                name="choice"
              >
                Batting style
              </option>
              <option
                name="male"
              >
                Right Hand
              </option>
              <option
                name="male"
              >
                left Hand
              </option>
            </select>
          </div>
          <div>
            <select
              className="choice"
              id="bowling_style"
              name="bowling_style"
              onChange={[Function]}
              type="text"
              value="Bowling style"
            >
              <option
                name="choice"
              >
                Bowling style
              </option>
              <option
                name="male"
              >
                Right-arm fast
              </option>
              <option
                name="male"
              >
                Right-arm fast medium
              </option>
              <option
                name="male"
              >
                Right-arm medium fast
              </option>
              <option
                name="male"
              >
                Right-arm medium
              </option>
              <option
                name="male"
              >
                Left-arm fast
              </option>
              <option
                name="male"
              >
                Left-arm fast medium
              </option>
              <option
                name="male"
              >
                Left-arm medium fast
              </option>
              <option
                name="male"
              >
                Left-arm medium
              </option>
              <option
                name="male"
              >
                Off break (right-arm)
              </option>
              <option
                name="male"
              >
                Leg break (right-arm)
              </option>
              <option
                name="male"
              >
                Slow left-arm orthodox
              </option>
              <option
                name="male"
              >
                Slow left-arm chinaman
              </option>
            </select>
          </div>
        </div>
        <div
          className="playing-style"
        >
          <t
            allowSameDay={false}
            dateFormat="yyyy-MM-dd"
            dateFormatCalendar="LLLL yyyy"
            disabled={false}
            disabledKeyboardNavigation={false}
            dropdownMode="scroll"
            id="DatePicker"
            inlineFocusSelectedMonth={false}
            monthsShown={1}
            name="datepicker"
            nextMonthButtonLabel="Next Month"
            nextYearButtonLabel="Next Year"
            onBlur={[Function]}
            onChange={[Function]}
            onClickOutside={[Function]}
            onFocus={[Function]}
            onInputClick={[Function]}
            onInputError={[Function]}
            onKeyDown={[Function]}
            onMonthChange={[Function]}
            onSelect={[Function]}
            onYearChange={[Function]}
            placeholderText="DOB"
            preventOpenOnFocus={false}
            previousMonthButtonLabel="Previous Month"
            previousYearButtonLabel="Previous Year"
            readOnly={false}
            renderDayContents={[Function]}
            shouldCloseOnSelect={true}
            showMonthYearPicker={false}
            showQuarterYearPicker={false}
            showTimeInput={false}
            showTimeSelect={false}
            strictParsing={false}
            timeCaption="Time"
            timeInputLabel="Time"
            timeIntervals={30}
            withPortal={false}
          />
          <div>
            <select
              className="choice"
              id="player_gender"
              name="player_gender"
              onChange={[Function]}
              type="text"
              value="Gender"
            >
              <option
                name="choice"
              >
                Gender
              </option>
              <option
                name="male"
              >
                male
              </option>
              <option
                name="male"
              >
                female
              </option>
            </select>
          </div>
        </div>
        <select
          className="choice"
          id="player_role"
          name="player_role"
          onChange={[Function]}
          placeholder="Enter Player Role"
          type="text"
          value="Player Role"
        >
          <option
            name="choice"
          >
            Player Role
          </option>
          <option
            name="male"
          >
            Wicket-keeper-batsmen
          </option>
          <option
            name="male"
          >
            Wicket-keeper-batswomen
          </option>
          <option
            name="male"
          >
            Bowler
          </option>
          <option
            name="male"
          >
            Batsmen
          </option>
          <option
            name="male"
          >
            Batswomen
          </option>
          <option
            name="male"
          >
            Allrounder
          </option>
        </select>
        <input
          id="debut_odi_match"
          name="debut_odi_match"
          onChange={[Function]}
          placeholder="Enter Debut ODI Match"
          type="text"
        />
        <input
          id="debut_test_match"
          name="debut_test_match"
          onChange={[Function]}
          placeholder="Enter Debut Test Match"
          type="text"
        />
        <input
          id="debut_t20_match"
          name="debut_t20_match"
          onChange={[Function]}
          placeholder="Enter Debut T20 Match"
          type="text"
        />
        <div
          className="errorMessage"
          style={
            Object {
              "color": "#c0392b",
            }
          }
        >
          <span
            className="errorMessage"
            style={
              Object {
                "color": "#c0392b",
                "display": "none",
              }
            }
          />
        </div>
        <button
          className="adminpagebutton "
          id="addbutton"
          onChange={[Function]}
          onClick={[Function]}
        >
          Add Player
        </button>
      </fieldset>
    </div>
  </div>
</div>
`;
