// Jest Snapshot v1, https://goo.gl/fbAQLP

exports[`test  Component render the component 1`] = `
<div>
  <Connect(AdminNavbar) />
  <div
    id="AdminEditform"
  >
    <fieldset>
      <h1
        id="heading"
      >
        Edit New Player
      </h1>
      <input
        id="player_name"
        name="player_name"
        onChange={[Function]}
        placeholder="Player name"
        type="text"
        value="test"
      />
      <input
        id="player_country"
        name="player_country"
        onChange={[Function]}
        placeholder="Enter Player Country"
        type="text"
        value="test"
      />
      <div
        className="playing-style"
      >
        <div>
          <select
            className="choice"
            id="batting_style"
            name="batting_style"
            onChange={[Function]}
            type="text"
            value="test"
          >
            <option
              name="choice"
            >
              Batting style
            </option>
            <option
              name="male"
            >
              Right Hand
            </option>
            <option
              name="male"
            >
              left Hand
            </option>
          </select>
        </div>
        <div>
          <select
            className="choice"
            id="bowling_style"
            name="bowling_style"
            onChange={[Function]}
            type="text"
            value="test"
          >
            <option
              name="choice"
            >
              Bowling style
            </option>
            <option
              name="male"
            >
              Right-arm fast
            </option>
            <option
              name="male"
            >
              Right-arm fast medium
            </option>
            <option
              name="male"
            >
              Right-arm medium fast
            </option>
            <option
              name="male"
            >
              Right-arm medium
            </option>
            <option
              name="male"
            >
              Left-arm fast
            </option>
            <option
              name="male"
            >
              Left-arm fast medium
            </option>
            <option
              name="male"
            >
              Left-arm medium fast
            </option>
            <option
              name="male"
            >
              Left-arm medium
            </option>
            <option
              name="male"
            >
              Off break (right-arm)
            </option>
            <option
              name="male"
            >
              Leg break (right-arm)
            </option>
            <option
              name="male"
            >
              Slow left-arm orthodox
            </option>
            <option
              name="male"
            >
              Slow left-arm chinaman
            </option>
          </select>
        </div>
      </div>
      <div
        className="playing-style"
      >
        <t
          allowSameDay={false}
          dateFormat="yyyy-MM-dd"
          dateFormatCalendar="LLLL yyyy"
          disabled={false}
          disabledKeyboardNavigation={false}
          dropdownMode="scroll"
          id="datepicker"
          inlineFocusSelectedMonth={false}
          monthsShown={1}
          name="datepicker"
          nextMonthButtonLabel="Next Month"
          nextYearButtonLabel="Next Year"
          onBlur={[Function]}
          onChange={[Function]}
          onClickOutside={[Function]}
          onFocus={[Function]}
          onInputClick={[Function]}
          onInputError={[Function]}
          onKeyDown={[Function]}
          onMonthChange={[Function]}
          onSelect={[Function]}
          onYearChange={[Function]}
          placeholderText="DOB"
          preventOpenOnFocus={false}
          previousMonthButtonLabel="Previous Month"
          previousYearButtonLabel="Previous Year"
          readOnly={false}
          renderDayContents={[Function]}
          selected={2019-10-22T06:35:28.445Z}
          shouldCloseOnSelect={true}
          showMonthYearPicker={false}
          showQuarterYearPicker={false}
          showTimeInput={false}
          showTimeSelect={false}
          strictParsing={false}
          timeCaption="Time"
          timeInputLabel="Time"
          timeIntervals={30}
          withPortal={false}
        />
        <div>
          <select
            className="choice"
            id="player_gender"
            name="player_gender"
            onChange={[Function]}
            type="text"
            value="male"
          >
            <option
              name="choice"
            >
              Gender
            </option>
            <option
              name="male"
            >
              male
            </option>
            <option
              name="male"
            >
              female
            </option>
          </select>
        </div>
      </div>
      <select
        className="choice"
        id="player_role"
        name="player_role"
        onChange={[Function]}
        placeholder="Enter Player Role"
        type="text"
        value="batsmen"
      >
        <option
          name="choice"
        >
          Player Role
        </option>
        <option
          name="male"
        >
          Wicket-keeper-batsmen
        </option>
        <option
          name="male"
        >
          Wicket-keeper-batswomen
        </option>
        <option
          name="male"
        >
          Bowler
        </option>
        <option
          name="male"
        >
          Batsmen
        </option>
        <option
          name="male"
        >
          Batswomen
        </option>
        <option
          name="male"
        >
          Allrounder
        </option>
      </select>
      <input
        id="debut_odi_match"
        name="debut_odi_match"
        onChange={[Function]}
        placeholder="Enter Debut ODI Match"
        type="text"
        value="pakistan"
      />
      <input
        id="debut_test_match"
        name="debut_test_match"
        onChange={[Function]}
        placeholder="Enter Debut Test Match"
        type="text"
        value="pakistan"
      />
      <input
        id="debut_t20_match"
        name="debut_t20_match"
        onChange={[Function]}
        placeholder="Enter Debut T20 Match"
        type="text"
        value="paksitan"
      />
      <span
        className="errorMessage"
        style={
          Object {
            "color": "#c0392b",
            "display": "none",
          }
        }
      />
      <div
        className="form-button"
      >
        <Link
          to="/adminplayer"
        >
          <button
            className="cancel"
            id="cancel"
          >
            Cancel
          </button>
        </Link>
        <button
          className="admineditpagebutton"
          id="editbutton"
          onChange={[Function]}
          onClick={[Function]}
        >
          Edit Player
        </button>
      </div>
    </fieldset>
  </div>
</div>
`;
