// Jest Snapshot v1, https://goo.gl/fbAQLP

exports[`Testing for home component should render the component 1`] = `
<div
  className="div-container"
>
  <div
    className="div-section"
  >
    <div
      className="div-news-section"
    />
    <div
      id="home-recent-matches"
    />
    <div
      className="div-second-section"
    >
      <Connect(MostWins) />
    </div>
  </div>
</div>
`;
