// Jest Snapshot v1, https://goo.gl/fbAQLP

exports[`test  Component render the component 1`] = `
<div>
  <Navbar />
  <form
    id="msform"
  >
    <fieldset>
      <h1>
        Login
      </h1>
      <input
        name="user_email"
        onChange={[Function]}
        placeholder="Enter Email"
        type="text"
        value=""
      />
      <input
        name="user_password"
        onChange={[Function]}
        placeholder="Enter Password"
        type="password"
        value=""
      />
      <span
        className="errorMessage"
        style={
          Object {
            "color": "#c0392b",
            "display": "none",
          }
        }
      />
      <p>
        <Link
          className="link"
          to="/resetPassword"
        >
          <span
            style={
              Object {
                "color": "#2980b9",
                "fontWeight": "bold",
              }
            }
          >
            Forgot Password ?
          </span>
        </Link>
      </p>
      <button
        onClick={[Function]}
      >
        Login
      </button>
      <p>
        Not a User ?
         
        <Link
          className="link"
          to="/register"
        >
          <span
            style={
              Object {
                "color": "#2980b9",
                "fontWeight": "bold",
              }
            }
          >
            Register Now
          </span>
        </Link>
      </p>
    </fieldset>
  </form>
</div>
`;
