// Jest Snapshot v1, https://goo.gl/fbAQLP

exports[`Testing of MatchLandingPage Component should render the component 1`] = `
<div>
  <div>
    <Connect(Navbar) />
  </div>
  <div
    style={
      Object {
        "marginTop": "80px",
      }
    }
  >
    <div>
      <h1
        className="h1-match"
        style={
          Object {
            "margin": "20px",
            "textAlign": "left",
          }
        }
      >
        Matches
      </h1>
    </div>
  </div>
  <div>
    <div
      className="landing-container"
    >
      <div
        className="calander"
      >
        <Calendar
          base={"2019-10-18T05:01:26.212Z"}
          onChange={[Function]}
          showMonthCnt={1}
          showToday={false}
        />
      </div>
      <div>
        <h2
          className="h1-match"
          style={
            Object {
              "margin": "20px",
              "textAlign": "left",
            }
          }
        >
          No Matches 
        </h2>
      </div>
    </div>
  </div>
</div>
`;
