// Jest Snapshot v1, https://goo.gl/fbAQLP

exports[`Test MostWins Component render the component 1`] = `
<div>
  <div
    className="grid-class-topteam"
  >
    <div
      className="info-topteam"
    >
      <p
        className="p-topteam"
      >
        Most Wins
      </p>
      <div
        className="centered"
      >
        <div
          className="cards"
        >
          <div
            className="cardtest"
            onClick={[Function]}
            style={
              Object {
                "borderRadius": "8px 0px 0px 8px",
              }
            }
          >
            <p
              className="p-card"
            >
              Test
            </p>
          </div>
          <div
            className="cardodi"
            onClick={[Function]}
          >
            <p
              className="p-card"
            >
              ODI
            </p>
          </div>
          <div
            className="cardt20"
            onClick={[Function]}
          >
            <p
              className="p-card"
            >
              IT20
            </p>
          </div>
          <div
            className="cardt20"
            onClick={[Function]}
            style={
              Object {
                "borderRadius": "0px 8px 8px 0px",
              }
            }
          >
            <p
              className="p-card"
            >
              IPL
            </p>
          </div>
        </div>
      </div>
      <div />
    </div>
  </div>
</div>
`;
