// Jest Snapshot v1, https://goo.gl/fbAQLP

exports[`Testing player Bowling stats  should render the componendt 1`] = `
<div
  className="ball-main"
>
  <div
    className="bowling-main-div"
  >
    <div
      className="bowling-Test-div"
    >
      <h3
        id="bowling-format-heading"
      >
        Test
      </h3>
      <div
        className="bowling-stats-info-parent-div"
      >
        <div
          className="bowling-stats-info-div"
        >
          <span
            id="ball-stat-span-1"
          />
          <span
            id="ball-stat-span-2"
          >
            Matches
          </span>
        </div>
        <div
          className="bowling-stats-info-div"
        >
          <span
            id="ball-stat-span-1"
          />
          <span
            id="ball-stat-span-2"
          >
            Innings
          </span>
        </div>
        <div
          className="bowling-stats-info-div"
        >
          <span
            id="ball-stat-span-1"
          />
          <span
            id="ball-stat-span-2"
          >
            Runs Conceded
          </span>
        </div>
        <div
          className="bowling-stats-info-div"
        >
          <span
            id="ball-stat-span-1"
          />
          <span
            id="ball-stat-span-2"
          >
            Balls bowled
          </span>
        </div>
      </div>
      <div
        className="bowling-stats-info-parent-div"
        style={
          Object {
            "borderBottom": "none",
          }
        }
      >
        <div
          className="bowling-stats-bottom-info-div"
        >
          <span
            id="ball-stat-span-1"
          />
          <span
            id="ball-stat-span-2"
          >
            Wickets
          </span>
        </div>
        <div
          className="bowling-stats-bottom-info-div"
        >
          <span
            id="ball-stat-span-1"
          />
          <span
            id="ball-stat-span-2"
          >
            Economy rate
          </span>
        </div>
        <div
          className="bowling-stats-bottom-info-div"
        >
          <span
            id="ball-stat-span-1"
          />
          <span
            id="ball-stat-span-2"
          >
            4 wickets
          </span>
        </div>
        <div
          className="bowling-stats-bottom-info-div"
        >
          <span
            id="ball-stat-span-1"
          />
          <span
            id="ball-stat-span-2"
          >
            5 wickets
          </span>
        </div>
      </div>
    </div>
    <div
      className="bowling-Odi-div"
    >
      <h3
        id="bowling-format-heading"
      >
        ODI
      </h3>
      <div
        className="bowling-stats-info-parent-div"
      >
        <div
          className="bowling-stats-info-div"
        >
          <span
            id="ball-stat-span-1"
          >
             
          </span>
          <span
            id="ball-stat-span-2"
          >
            Matches
          </span>
        </div>
        <div
          className="bowling-stats-info-div"
        >
          <span
            id="ball-stat-span-1"
          />
          <span
            id="ball-stat-span-2"
          >
            Innings
          </span>
        </div>
        <div
          className="bowling-stats-info-div"
        >
          <span
            id="ball-stat-span-1"
          />
          <span
            id="ball-stat-span-2"
          >
            Runs Conceded
          </span>
        </div>
        <div
          className="bowling-stats-info-div"
        >
          <span
            id="ball-stat-span-1"
          />
          <span
            id="ball-stat-span-2"
          >
            Balls bowled
          </span>
        </div>
      </div>
      <div
        className="bowling-stats-info-parent-div"
        style={
          Object {
            "borderBottom": "none",
          }
        }
      >
        <div
          className="bowling-stats-bottom-info-div"
        >
          <span
            id="ball-stat-span-1"
          />
          <span
            id="ball-stat-span-2"
          >
            Wickets
          </span>
        </div>
        <div
          className="bowling-stats-bottom-info-div"
        >
          <span
            id="ball-stat-span-1"
          />
          <span
            id="ball-stat-span-2"
          >
            Economy rate
          </span>
        </div>
        <div
          className="bowling-stats-bottom-info-div"
        >
          <span
            id="ball-stat-span-1"
          />
          <span
            id="ball-stat-span-2"
          >
            4 wickets
          </span>
        </div>
        <div
          className="bowling-stats-bottom-info-div"
        >
          <span
            id="ball-stat-span-1"
          />
          <span
            id="ball-stat-span-2"
          >
            5 wickets
          </span>
        </div>
      </div>
    </div>
    <div
      className="bowling-T20-div"
    >
      <h3
        id="bowling-format-heading"
      >
        T20
      </h3>
      <div
        className="bowling-stats-info-parent-div"
      >
        <div
          className="bowling-stats-info-div"
        >
          <span
            id="ball-stat-span-1"
          />
          <span
            id="ball-stat-span-2"
          >
            Matches
          </span>
        </div>
        <div
          className="bowling-stats-info-div"
        >
          <span
            id="ball-stat-span-1"
          />
          <span
            id="ball-stat-span-2"
          >
            Innings
          </span>
        </div>
        <div
          className="bowling-stats-info-div"
        >
          <span
            id="ball-stat-span-1"
          />
          <span
            id="ball-stat-span-2"
          >
            Runs Conceded
          </span>
        </div>
        <div
          className="bowling-stats-info-div"
        >
          <span
            id="ball-stat-span-1"
          />
          <span
            id="ball-stat-span-2"
          >
            Balls bowled
          </span>
        </div>
      </div>
      <div
        className="bowling-stats-info-parent-div"
        style={
          Object {
            "borderBottom": "none",
          }
        }
      >
        <div
          className="bowling-stats-bottom-info-div"
        >
          <span
            id="ball-stat-span-1"
          />
          <span
            id="ball-stat-span-2"
          >
            Wickets
          </span>
        </div>
        <div
          className="bowling-stats-bottom-info-div"
        >
          <span
            id="ball-stat-span-1"
          />
          <span
            id="ball-stat-span-2"
          >
            Economy rate
          </span>
        </div>
        <div
          className="bowling-stats-bottom-info-div"
        >
          <span
            id="ball-stat-span-1"
          />
          <span
            id="ball-stat-span-2"
          >
            4 wickets
          </span>
        </div>
        <div
          className="bowling-stats-bottom-info-div"
        >
          <span
            id="ball-stat-span-1"
          />
          <span
            id="ball-stat-span-2"
          >
            5 wickets
          </span>
        </div>
      </div>
    </div>
  </div>
</div>
`;
