// Jest Snapshot v1, https://goo.gl/fbAQLP

exports[`Testing Player Batting stats component should render the component 1`] = `
<div
  className="bat-main"
>
  <div
    className="battting-main-div"
  >
    <div
      className="battting-Test-div"
    >
      <h3
        className="batting-format-heading"
        id="jest-Heading-1"
      >
        Test
      </h3>
      <div
        className="batting-stats-info-parent-div"
      >
        <div
          className="batting-stats-info-div"
        >
          <span
            className="bat-stat-span-1"
            id="jest-Test-Format-Matches"
          >
            34
          </span>
          <span
            className="bat-stat-span-2"
          >
            Matches
          </span>
        </div>
        <div
          className="batting-stats-info-div"
        >
          <span
            className="bat-stat-span-1"
            id="jest-Test-Format-Innings"
          >
            34
          </span>
          <span
            className="bat-stat-span-2"
          >
            Innings
          </span>
        </div>
        <div
          className="batting-stats-info-div"
        >
          <span
            className="bat-stat-span-1"
            id="jest-Test-Format-TotalRuns"
          >
            234
          </span>
          <span
            className="bat-stat-span-2"
          >
            Runs
          </span>
        </div>
        <div
          className="batting-stats-info-div"
        >
          <span
            className="bat-stat-span-1"
            id="jest-Test-Format-BallsFaced"
          />
          <span
            className="bat-stat-span-2"
          >
            Balls Faced
          </span>
        </div>
        <div
          className="batting-stats-info-div"
        >
          <span
            className="bat-stat-span-1"
            id="jest-Test-Format-StrikeRate"
          />
          <span
            className="bat-stat-span-2"
          >
            Strike Rate
          </span>
        </div>
      </div>
      <div
        className="batting-stats-info-parent-div"
        style={
          Object {
            "borderBottom": "none",
          }
        }
      >
        <div
          className="batting-stats-info-div"
        >
          <span
            className="bat-stat-span-1"
            id="jest-Test-Format-Highestscore"
          >
            69
          </span>
          <span
            className="bat-stat-span-2"
          >
            Highest Score
          </span>
        </div>
        <div
          className="batting-stats-info-div"
        >
          <span
            className="bat-stat-span-1"
            id="jest-Test-Format-NotOut"
          >
            -
          </span>
          <span
            className="bat-stat-span-2"
          >
            Not Out
          </span>
        </div>
        <div
          className="batting-stats-info-div"
        >
          <span
            className="bat-stat-span-1"
            id="jest-Test-Format-Hundreds"
          >
            -
          </span>
          <span
            className="bat-stat-span-2"
          >
            100s
          </span>
        </div>
        <div
          className="batting-stats-info-div"
        >
          <span
            className="bat-stat-span-1"
            id="jest-Test-Format-Fifties"
          />
          <span
            className="bat-stat-span-2"
          >
            50s
          </span>
        </div>
        <div
          className="batting-stats-info-div"
        >
          <span
            className="bat-stat-span-1"
            id="jest-Test-Format-TwoHundreds"
          >
            -
          </span>
          <span
            className="bat-stat-span-2"
          >
            200s
          </span>
        </div>
        <div
          className="batting-stats-info-div"
        >
          <span
            className="bat-stat-span-1"
            id="jest-Test-Format-Fours"
          />
          <span
            className="bat-stat-span-2"
          >
            4s
          </span>
        </div>
        <div
          className="batting-stats-info-div"
        >
          <span
            className="bat-stat-span-1"
            id="jest-Test-Format-Sixes"
          >
            -
          </span>
          <span
            className="bat-stat-span-2"
          >
            6s
          </span>
        </div>
      </div>
    </div>
    <div
      className="battting-Odi-div"
    >
      <h3
        className="batting-format-heading"
        id="jest-Heading-2"
      >
        ODI
      </h3>
      <div
        className="batting-stats-info-parent-div"
      >
        <div
          className="batting-stats-info-div"
        >
          <span
            className="bat-stat-span-1"
          />
          <span
            className="bat-stat-span-2"
          >
            Matches
          </span>
        </div>
        <div
          className="batting-stats-info-div"
        >
          <span
            className="bat-stat-span-1"
          />
          <span
            className="bat-stat-span-2"
          >
            Innings
          </span>
        </div>
        <div
          className="batting-stats-info-div"
        >
          <span
            className="bat-stat-span-1"
          />
          <span
            className="bat-stat-span-2"
          >
            Runs
          </span>
        </div>
        <div
          className="batting-stats-info-div"
        >
          <span
            className="bat-stat-span-1"
          />
          <span
            className="bat-stat-span-2"
          >
            Balls Faced
          </span>
        </div>
        <div
          className="batting-stats-info-div"
        >
          <span
            className="bat-stat-span-1"
          />
          <span
            className="bat-stat-span-2"
          >
            Strike Rate
          </span>
        </div>
      </div>
      <div
        className="batting-stats-info-parent-div"
        style={
          Object {
            "borderBottom": "none",
          }
        }
      >
        <div
          className="batting-stats-info-div"
        >
          <span
            className="bat-stat-span-1"
          />
          <span
            className="bat-stat-span-2"
          >
            Highest Score
          </span>
        </div>
        <div
          className="batting-stats-info-div"
        >
          <span
            className="bat-stat-span-1"
          />
          <span
            className="bat-stat-span-2"
          >
            Not Out
          </span>
        </div>
        <div
          className="batting-stats-info-div"
        >
          <span
            className="bat-stat-span-1"
          />
          <span
            className="bat-stat-span-2"
          >
            100s
          </span>
        </div>
        <div
          className="batting-stats-info-div"
        >
          <span
            className="bat-stat-span-1"
          />
          <span
            className="bat-stat-span-2"
          >
            50s
          </span>
        </div>
        <div
          className="batting-stats-info-div"
        >
          <span
            className="bat-stat-span-1"
          />
          <span
            className="bat-stat-span-2"
          >
            200s
          </span>
        </div>
        <div
          className="batting-stats-info-div"
        >
          <span
            className="bat-stat-span-1"
          />
          <span
            className="bat-stat-span-2"
          >
            4s
          </span>
        </div>
        <div
          className="batting-stats-info-div"
        >
          <span
            className="bat-stat-span-1"
          />
          <span
            className="bat-stat-span-2"
          >
            6s
          </span>
        </div>
      </div>
    </div>
    <div
      className="battting-T20-div"
    >
      <h3
        className="batting-format-heading"
        id="jest-Heading-3"
      >
        T20
      </h3>
      <div
        className="batting-stats-info-parent-div"
      >
        <div
          className="batting-stats-info-div"
        >
          <span
            className="bat-stat-span-1"
            id="jest-T20-Format-Matches"
          >
            -
          </span>
          <span
            className="bat-stat-span-2"
          >
            Matches
          </span>
        </div>
        <div
          className="batting-stats-info-div"
        >
          <span
            className="bat-stat-span-1"
            id="jest-T20-Format-Innings"
          >
            -
          </span>
          <span
            className="bat-stat-span-2"
          >
            Innings
          </span>
        </div>
        <div
          className="batting-stats-info-div"
        >
          <span
            className="bat-stat-span-1"
            id="jest-T20-Format-TotalRuns"
          >
            234
          </span>
          <span
            className="bat-stat-span-2"
          >
            Runs
          </span>
        </div>
        <div
          className="batting-stats-info-div"
        >
          <span
            className="bat-stat-span-1"
            id="jest-T20-Format-BallsFaced"
          />
          <span
            className="bat-stat-span-2"
          >
            Balls Faced
          </span>
        </div>
        <div
          className="batting-stats-info-div"
        >
          <span
            className="bat-stat-span-1"
            id="jest-T20-Format-StrikeRate"
          />
          <span
            className="bat-stat-span-2"
          >
            Strike Rate
          </span>
        </div>
      </div>
      <div
        className="batting-stats-info-parent-div"
        style={
          Object {
            "borderBottom": "none",
          }
        }
      >
        <div
          className="batting-stats-info-div"
        >
          <span
            className="bat-stat-span-1"
            id="jest-T20-Format-Highestscore"
          />
          <span
            className="bat-stat-span-2"
          >
            Highest Score
          </span>
        </div>
        <div
          className="batting-stats-info-div"
        >
          <span
            className="bat-stat-span-1"
            id="jest-T20-Format-NotOut"
          >
            3
          </span>
          <span
            className="bat-stat-span-2"
          >
            Not Out
          </span>
        </div>
        <div
          className="batting-stats-info-div"
        >
          <span
            className="bat-stat-span-1"
            id="jest-T20-Format-Hundreds"
          >
            6
          </span>
          <span
            className="bat-stat-span-2"
          >
            100s
          </span>
        </div>
        <div
          className="batting-stats-info-div"
        >
          <span
            className="bat-stat-span-1"
            id="jest-T20-Format-Fifties"
          >
            -
          </span>
          <span
            className="bat-stat-span-2"
          >
            50s
          </span>
        </div>
        <div
          className="batting-stats-info-div"
        >
          <span
            className="bat-stat-span-1"
            id="jest-T20-Format-TwoHundreds"
          >
            1
          </span>
          <span
            className="bat-stat-span-2"
          >
            200s
          </span>
        </div>
        <div
          className="batting-stats-info-div"
        >
          <span
            className="bat-stat-span-1"
            id="jest-T20-Format-Fours"
          >
            69
          </span>
          <span
            className="bat-stat-span-2"
          >
            4s
          </span>
        </div>
        <div
          className="batting-stats-info-div"
        >
          <span
            className="bat-stat-span-1"
            id="jest-T20-Format-Sixes"
          >
            34
          </span>
          <span
            className="bat-stat-span-2"
          >
            6s
          </span>
        </div>
      </div>
    </div>
  </div>
</div>
`;
