// Jest Snapshot v1, https://goo.gl/fbAQLP

exports[`Testing Player Landing Page should render the component 1`] = `
<div>
  <Connect(Navbar)
    changeGender={[Function]}
    gender="male"
  />
  <div
    style={
      Object {
        "padding": "12px",
      }
    }
  >
    <div
      className="container"
    >
      <div
        className="matchFormatOptons"
      >
        <div
          className="selectNav"
        >
          <a
            className="active"
            id="jest-test-tab"
            onClick={[Function]}
            style={
              Object {
                "borderBottomLeftRadius": "8px",
                "borderLeft": "1px solid",
                "borderTopLeftRadius": "8px",
                "cursor": "pointer",
              }
            }
          >
            Test
          </a>
          <a
            className="notActive"
            id="jest-ODI-tab"
            onClick={[Function]}
            style={
              Object {
                "cursor": "pointer",
              }
            }
          >
            ODI
          </a>
          <a
            className="notActive"
            id="jest-T20-tab"
            onClick={[Function]}
            style={
              Object {
                "borderBottomRightRadius": "8px",
                "borderRight": "1px solid",
                "borderTopRightRadius": "8px",
                "cursor": "pointer",
              }
            }
          >
            T20
          </a>
        </div>
      </div>
    </div>
    <div
      className="playersDiv"
    >
      <div
        className="playerBatsman"
      >
        <h1
          id="jest-heading-Top-Batsman"
          style={
            Object {
              "textAlign": "center",
            }
          }
        >
          Top Batsmen
        </h1>
        <div
          className="singlePlayerDiv"
          id="jest-history-1"
          onClick={[Function]}
        >
          <img
            className="playerImage"
            id="pImage"
            src="data:image/jpeg;base64,undefined"
          />
          <div
            className="playerInfoDiv"
            style={
              Object {
                "marginTop": "8px",
              }
            }
          >
            <span
              id="playerName"
            >
              AB de Villiers
            </span>
            <span
              id="playerMinInfo"
            >
              Right Handed Batsman
            </span>
            <span
              id="playerMinInfo"
            />
          </div>
          <div
            className="playerInfoDiv"
          >
            <span
              className="playerStatValue"
            />
            <span
              id="playerMinInfo"
            >
              Innings: 12
            </span>
            <span
              id="playerMinInfo"
            >
              Average: 52.12
            </span>
          </div>
        </div>
      </div>
      <div
        className="playerBowler"
      >
        <h1
          style={
            Object {
              "textAlign": "center",
            }
          }
        >
          Top Bowlers
        </h1>
        <div
          className="singlePlayerDiv"
          id="jest-history-2"
          onClick={[Function]}
        >
          <img
            className="playerImage"
            id="pImage"
            src="data:image/jpeg;base64,undefined"
          />
          <div
            className="playerInfoDiv"
            style={
              Object {
                "marginTop": "8px",
              }
            }
          >
            <span
              id="playerName"
            >
              DW Steyn
            </span>
            <span
              id="playerMinInfo"
            >
              Right Arm Medium
            </span>
            <span
              id="playerMinInfo"
            />
          </div>
          <div
            className="playerInfoDiv"
          >
            <span
              className="playerStatValue"
            />
            <span
              id="playerMinInfo"
            >
              Innings: 12
            </span>
            <span
              id="playerMinInfo"
            >
              Average: 52.12
            </span>
          </div>
        </div>
      </div>
      <div
        className="playerType"
      >
        <h1
          style={
            Object {
              "textAlign": "center",
            }
          }
        >
          Most 6s
        </h1>
        <div
          className="singlePlayerDiv"
          id="jest-history-mostSixes"
          onClick={[Function]}
        >
          <img
            className="playerImage"
            id="pImage"
            src="data:image/jpeg;base64,undefined"
          />
          <div
            className="playerInfoDiv"
            style={
              Object {
                "marginTop": "8px",
              }
            }
          >
            <span
              id="playerName"
            >
              AB de Villiers
            </span>
            <span
              id="playerMinInfo"
            >
              Right Arm Medium
            </span>
            <span
              id="playerMinInfo"
            />
          </div>
          <div
            className="playerInfoDiv"
          >
            <span
              className="playerStatValue"
            />
            <span
              id="playerMinInfo"
            >
              Innings: 12
            </span>
            <span
              id="playerMinInfo"
            >
              Average: 52.12
            </span>
          </div>
        </div>
      </div>
    </div>
  </div>
</div>
`;
