// Jest Snapshot v1, https://goo.gl/fbAQLP

exports[`Testing Player Landing Page should render the component 1`] = `
<div
  style={
    Object {
      "padding": "12px",
    }
  }
>
  <Navbar />
  <h1
    id="playerHeading"
  >
    Players
  </h1>
  <div
    id="container"
  >
    <div
      className="matchFormatOptons"
    >
      <div
        className="selectNav"
      >
        <a
          className="active"
          onClick={[Function]}
          style={
            Object {
              "borderBottomLeftRadius": "8px",
              "borderLeft": "1px solid",
              "borderTopLeftRadius": "8px",
              "cursor": "pointer",
            }
          }
        >
          Test
        </a>
        <a
          className="notActive"
          onClick={[Function]}
          style={
            Object {
              "cursor": "pointer",
            }
          }
        >
          ODI
        </a>
        <a
          className="notActive"
          onClick={[Function]}
          style={
            Object {
              "borderBottomRightRadius": "8px",
              "borderRight": "1px solid",
              "borderTopRightRadius": "8px",
              "cursor": "pointer",
            }
          }
        >
          T20
        </a>
      </div>
    </div>
  </div>
  <div
    className="playersDiv"
  >
    <div
      className="playerBatsman"
    >
      <h1
        style={
          Object {
            "textAlign": "center",
          }
        }
      >
        Top Batsmen
      </h1>
    </div>
    <div
      className="playerBowler"
    >
      <h1
        style={
          Object {
            "textAlign": "center",
          }
        }
      >
        Top Bowlers
      </h1>
    </div>
    <div
      className="playerType"
    >
      <h1
        style={
          Object {
            "textAlign": "center",
          }
        }
      >
        Top 6s
      </h1>
    </div>
  </div>
</div>
`;
