// Jest Snapshot v1, https://goo.gl/fbAQLP

exports[`Testing Player Batting stats component should render the component 1`] = `
<div
  className="bat-main"
>
  <div
    className="battting-main-div"
  >
    <div
      className="battting-Test-div"
    >
      <h3
        className="jest-Heading-1"
        id="batting-format-heading"
      >
        Test
      </h3>
      <div
        className="batting-stats-info-parent-div"
      >
        <div
          className="batting-stats-info-div"
        >
          <span
            id="bat-stat-span-1"
          />
          <span
            id="bat-stat-span-2"
          >
            Matches
          </span>
        </div>
        <div
          className="batting-stats-info-div"
        >
          <span
            id="bat-stat-span-1"
          />
          <span
            id="bat-stat-span-2"
          >
            Innings
          </span>
        </div>
        <div
          className="batting-stats-info-div"
        >
          <span
            id="bat-stat-span-1"
          />
          <span
            id="bat-stat-span-2"
          >
            Runs
          </span>
        </div>
        <div
          className="batting-stats-info-div"
        >
          <span
            id="bat-stat-span-1"
          />
          <span
            id="bat-stat-span-2"
          >
            Balls Faced
          </span>
        </div>
        <div
          className="batting-stats-info-div"
        >
          <span
            id="bat-stat-span-1"
          />
          <span
            id="bat-stat-span-2"
          >
            Strike Rate
          </span>
        </div>
      </div>
      <div
        className="batting-stats-info-parent-div"
        style={
          Object {
            "borderBottom": "none",
          }
        }
      >
        <div
          className="batting-stats-info-div"
        >
          <span
            id="bat-stat-span-1"
          />
          <span
            id="bat-stat-span-2"
          >
            Highest Score
          </span>
        </div>
        <div
          className="batting-stats-info-div"
        >
          <span
            id="bat-stat-span-1"
          />
          <span
            id="bat-stat-span-2"
          >
            Not Out
          </span>
        </div>
        <div
          className="batting-stats-info-div"
        >
          <span
            id="bat-stat-span-1"
          />
          <span
            id="bat-stat-span-2"
          >
            100s
          </span>
        </div>
        <div
          className="batting-stats-info-div"
        >
          <span
            id="bat-stat-span-1"
          />
          <span
            id="bat-stat-span-2"
          >
            50s
          </span>
        </div>
        <div
          className="batting-stats-info-div"
        >
          <span
            id="bat-stat-span-1"
          />
          <span
            id="bat-stat-span-2"
          >
            200s
          </span>
        </div>
        <div
          className="batting-stats-info-div"
        >
          <span
            id="bat-stat-span-1"
          />
          <span
            id="bat-stat-span-2"
          >
            4s
          </span>
        </div>
        <div
          className="batting-stats-info-div"
        >
          <span
            id="bat-stat-span-1"
          />
          <span
            id="bat-stat-span-2"
          >
            6s
          </span>
        </div>
      </div>
    </div>
    <div
      className="battting-Odi-div"
    >
      <h3
        className="jest-Heading-3"
        id="batting-format-heading"
      >
        ODI
      </h3>
      <div
        className="batting-stats-info-parent-div"
      >
        <div
          className="batting-stats-info-div"
        >
          <span
            id="bat-stat-span-1"
          />
          <span
            id="bat-stat-span-2"
          >
            Matches
          </span>
        </div>
        <div
          className="batting-stats-info-div"
        >
          <span
            id="bat-stat-span-1"
          />
          <span
            id="bat-stat-span-2"
          >
            Innings
          </span>
        </div>
        <div
          className="batting-stats-info-div"
        >
          <span
            id="bat-stat-span-1"
          />
          <span
            id="bat-stat-span-2"
          >
            Runs
          </span>
        </div>
        <div
          className="batting-stats-info-div"
        >
          <span
            id="bat-stat-span-1"
          />
          <span
            id="bat-stat-span-2"
          >
            Balls Faced
          </span>
        </div>
        <div
          className="batting-stats-info-div"
        >
          <span
            id="bat-stat-span-1"
          />
          <span
            id="bat-stat-span-2"
          >
            Strike Rate
          </span>
        </div>
      </div>
      <div
        className="batting-stats-info-parent-div"
        style={
          Object {
            "borderBottom": "none",
          }
        }
      >
        <div
          className="batting-stats-info-div"
        >
          <span
            id="bat-stat-span-1"
          />
          <span
            id="bat-stat-span-2"
          >
            Highest Score
          </span>
        </div>
        <div
          className="batting-stats-info-div"
        >
          <span
            id="bat-stat-span-1"
          />
          <span
            id="bat-stat-span-2"
          >
            Not Out
          </span>
        </div>
        <div
          className="batting-stats-info-div"
        >
          <span
            id="bat-stat-span-1"
          />
          <span
            id="bat-stat-span-2"
          >
            100s
          </span>
        </div>
        <div
          className="batting-stats-info-div"
        >
          <span
            id="bat-stat-span-1"
          />
          <span
            id="bat-stat-span-2"
          >
            50s
          </span>
        </div>
        <div
          className="batting-stats-info-div"
        >
          <span
            id="bat-stat-span-1"
          />
          <span
            id="bat-stat-span-2"
          >
            200s
          </span>
        </div>
        <div
          className="batting-stats-info-div"
        >
          <span
            id="bat-stat-span-1"
          />
          <span
            id="bat-stat-span-2"
          >
            4s
          </span>
        </div>
        <div
          className="batting-stats-info-div"
        >
          <span
            id="bat-stat-span-1"
          />
          <span
            id="bat-stat-span-2"
          >
            6s
          </span>
        </div>
      </div>
    </div>
    <div
      className="battting-T20-div"
    >
      <h3
        className="jest-Heading-2"
        id="batting-format-heading"
      >
        T20
      </h3>
      <div
        className="batting-stats-info-parent-div"
      >
        <div
          className="batting-stats-info-div"
        >
          <span
            id="bat-stat-span-1"
          />
          <span
            id="bat-stat-span-2"
          >
            Matches
          </span>
        </div>
        <div
          className="batting-stats-info-div"
        >
          <span
            id="bat-stat-span-1"
          />
          <span
            id="bat-stat-span-2"
          >
            Innings
          </span>
        </div>
        <div
          className="batting-stats-info-div"
        >
          <span
            id="bat-stat-span-1"
          />
          <span
            id="bat-stat-span-2"
          >
            Runs
          </span>
        </div>
        <div
          className="batting-stats-info-div"
        >
          <span
            id="bat-stat-span-1"
          />
          <span
            id="bat-stat-span-2"
          >
            Balls Faced
          </span>
        </div>
        <div
          className="batting-stats-info-div"
        >
          <span
            id="bat-stat-span-1"
          />
          <span
            id="bat-stat-span-2"
          >
            Strike Rate
          </span>
        </div>
      </div>
      <div
        className="batting-stats-info-parent-div"
        style={
          Object {
            "borderBottom": "none",
          }
        }
      >
        <div
          className="batting-stats-info-div"
        >
          <span
            id="bat-stat-span-1"
          />
          <span
            id="bat-stat-span-2"
          >
            Highest Score
          </span>
        </div>
        <div
          className="batting-stats-info-div"
        >
          <span
            id="bat-stat-span-1"
          />
          <span
            id="bat-stat-span-2"
          >
            Not Out
          </span>
        </div>
        <div
          className="batting-stats-info-div"
        >
          <span
            id="bat-stat-span-1"
          />
          <span
            id="bat-stat-span-2"
          >
            100s
          </span>
        </div>
        <div
          className="batting-stats-info-div"
        >
          <span
            id="bat-stat-span-1"
          />
          <span
            id="bat-stat-span-2"
          >
            50s
          </span>
        </div>
        <div
          className="batting-stats-info-div"
        >
          <span
            id="bat-stat-span-1"
          />
          <span
            id="bat-stat-span-2"
          >
            200s
          </span>
        </div>
        <div
          className="batting-stats-info-div"
        >
          <span
            id="bat-stat-span-1"
          />
          <span
            id="bat-stat-span-2"
          >
            4s
          </span>
        </div>
        <div
          className="batting-stats-info-div"
        >
          <span
            id="bat-stat-span-1"
          />
          <span
            id="bat-stat-span-2"
          >
            6s
          </span>
        </div>
      </div>
    </div>
  </div>
</div>
`;
