// Jest Snapshot v1, https://goo.gl/fbAQLP

exports[`test  Component render the component 1`] = `
<div>
  <div />
  <form
    id="msform"
  >
    <fieldset>
      <h1>
        Reset Password
      </h1>
      <input
        name="user_email"
        onChange={[Function]}
        placeholder="Enter Email"
        type="text"
        value=""
      />
      <input
        name="user_password"
        onChange={[Function]}
        placeholder="Enter Password"
        type="password"
        value=""
      />
      <input
        name="confirmPassword"
        onChange={[Function]}
        placeholder="Confirm Password"
        type="password"
        value=""
      />
      <button
        onChange={[Function]}
        onClick={[Function]}
      >
        Send OTP
      </button>
    </fieldset>
  </form>
</div>
`;
