// Jest Snapshot v1, https://goo.gl/fbAQLP

exports[`Test TeamInfo Component render the component 1`] = `
<div
  id="fixture-container"
>
  <div
    id="fixture"
  >
    <div
      id="fix-main-grid"
    >
      <div
        id="fixgrid-item1"
      >
        <div
          id="fixture-container"
        >
          <p
            id="fix-date"
          />
          <p
            id="fix-teams"
          >
            vs
          </p>
          <p
            id="fix-venue"
          />
          <p
            id="fix-time"
          />
          <button
            className="admineditpagebutton"
            id="editbutton"
            onClick={[Function]}
          >
            Predicted result
          </button>
        </div>
      </div>
    </div>
  </div>
</div>
`;
