// Jest Snapshot v1, https://goo.gl/fbAQLP

exports[`Test TeamLandingPage Component render the component 1`] = `
<div>
  <Connect(Navbar)
    changeGender={[Function]}
    showGender={true}
  />
  <div
    className="container-team"
  >
    <h2
      className="h1-team"
    >
      Teams
    </h2>
    <div
      className="centered-team"
    >
      <div
        className="cards-team"
      >
        <div
          className="cardtest"
          onClick={[Function]}
          style={
            Object {
              "borderRadius": "8px 0px 0px 8px",
            }
          }
        >
          <p
            className="p-card"
          >
            Test
          </p>
        </div>
        <div
          className="cardodi"
          onClick={[Function]}
        >
          <p
            className="p-card"
          >
            ODI
          </p>
        </div>
        <div
          className="cardt20"
          onClick={[Function]}
        >
          <p
            className="p-card"
          >
            IT20
          </p>
        </div>
        <div
          className="cardt20"
          onClick={[Function]}
          style={
            Object {
              "borderRadius": "0px 8px 8px 0px",
            }
          }
        >
          <p
            className="p-card"
          >
            IPL
          </p>
        </div>
      </div>
    </div>
    <div
      className="grid-container-team"
    >
      <div>
        <div
          className="country-team"
        />
        <div
          className="top-team"
        >
          <Connect(MostWins)
            changeGender={[Function]}
          />
        </div>
      </div>
    </div>
  </div>
</div>
`;
