// Jest Snapshot v1, https://goo.gl/fbAQLP

exports[`Test TeamInfo Component render the component 1`] = `
<div>
  <div
    className="container-team-details"
  >
    <p
      className="p-matches"
      id="id-p-matches"
    >
      Recent Matches
    </p>
    <div
      className="centered"
    >
      <div
        className="cards-new"
      >
        <div
          className="cardtest"
          id="click-t20"
          onClick={[Function]}
          style={
            Object {
              "borderRadius": "8px 0px 0px 8px",
            }
          }
        >
          <p
            className="p-card"
            id="id-p-t20"
          >
            T20
          </p>
        </div>
        <div
          className="cardodi"
          id="click-odi"
          onClick={[Function]}
        >
          <p
            className="p-card"
            id="id-p-odi"
          >
            ODI
          </p>
        </div>
        <div
          className="cardodi"
          id="click-test"
          onClick={[Function]}
          style={
            Object {
              "borderRadius": "0px 8px 8px 0px",
            }
          }
        >
          <p
            className="p-card"
            id="id-p-test"
          >
            Test
          </p>
        </div>
      </div>
    </div>
    <div
      className="matches-section"
    >
      <div
        className="all-recent-matches-box-team"
      >
        <div
          className="inside-recent-matches-box-team"
        >
          <span
            className="tournamnet-name"
            id="id-match-type"
          >
            ODI
          </span>
          <div
            className="Team-data"
          >
            <div
              className="TeamOne-name"
              id="id-team-one"
            >
              South Africa
            </div>
            <div
              className="TeamOne-score"
            >
              327
              /
              8
            </div>
          </div>
          <div
            className="Team-data"
          >
            <div
              className="TeamTwo-name"
              id="id-team-two"
            >
              Australia
            </div>
            <div
              className="TeamTwo-score"
            >
              296
              /
              10
            </div>
          </div>
          <span
            className="winner-name"
            id="id-winner"
          >
            South Africa
             WON
          </span>
        </div>
      </div>
    </div>
    <div
      className="top-section"
    >
      <div
        className="grid-container-team"
      >
        <div
          className="grid-container-team-details"
        >
          <div
            className="grid-class-team-details"
          >
            <div
              className="grid-class-topteam-details"
            >
              <p
                className="p-top-team-details"
                id="id-p-top-runs"
              >
                Top Run Scorers
              </p>
              <div
                className="list-info"
              >
                <img
                  className="playerImage"
                  id="pImage"
                  src="data:image/jpeg;base64,undefined"
                />
                <div>
                  <p
                    className="p-team-details-name"
                    id="#id-batsman-name"
                  >
                    MS Dhoni
                  </p>
                  <p
                    className="p-player-style"
                  >
                    Right-hand Bat
                  </p>
                </div>
                <h2
                  className="h2-team-details-position"
                  id="#id-batsman-score"
                >
                  10004
                </h2>
              </div>
            </div>
          </div>
          <div
            className="grid-class-team-details"
          >
            <div
              className="grid-class-topteam-details"
            >
              <p
                className="p-top-team-details"
                id="id-p-top-wickets"
              >
                Top Wicket Takers
              </p>
              <div
                className="list-info"
              >
                <img
                  className="playerImage"
                  id="pImage"
                  src="data:image/jpeg;base64,undefined"
                />
                <div>
                  <p
                    className="p-team-details-name"
                    id="#id-bowler-name"
                  >
                    Mohammad Sami
                  </p>
                  <p
                    className="p-player-style"
                  >
                    Right-arm Fast
                  </p>
                </div>
                <h2
                  className="h2-team-details-position"
                  id="#id-bowler-score"
                >
                  15
                </h2>
              </div>
            </div>
          </div>
        </div>
      </div>
    </div>
  </div>
</div>
`;
